OBVR 1 - Query
OBSE version 22, Oblivion version 010201A0
OBVR 1 - Load
Config: D:\SteamLibrary\steamapps\common\Oblivion\Data\OBSE\Plugins\OBVR.ini
Config: HookEnabled=1 Source=openvr Fixed=(P 0.0, R 20.0, Y 0.0)
Config: Simulated=(Yaw 25.0, Pitch 12.0, Period 600) LogEveryFrames=120 ReloadEveryFrames=120
Config: RecenterKey=46 (0x2E)
Config: PositionalTracking=1 UnitsPerMetre=69.99 HeadMovementScale=3.00 (effective 209.97) MaxLeanUnits=120.0
Config: BlockVerticalLook=1 VerticalLookRange=(up 60.0, down 120.0) SmoothVerticalLook=1 (8.0)
Config: SmoothTurning=0 TurnSpeed=12.0
Config: Render.Enabled=1 - OBVR will claim the VR scene
OpenVR: connected as a scene application through FnTable:IVRSystem_026 and FnTable:IVRCompositor_029
Camera: hook installed at 0066BE6E, trampoline at 04730000 (37 bytes)
OBVR ready
Camera: first hook pass, CameraNode=1812BCA0, third person
Render: two 3560x3560 eye textures ready
Render: left eye raw=(l -1.1518, r 0.8248, t -1.1991, b 0.7927)
Render: left eye fov=(h 88.6 deg, v 88.6 deg) asymmetry=(h -0.3270, v -0.4064)
Render: right eye raw=(l -0.8417, r 1.1419, t -1.1908, b 0.8073)
Render: right eye fov=(h 88.9 deg, v 88.9 deg) asymmetry=(h 0.3003, v -0.3835)
Render: eye offsets left=(-0.0310, 0.0000, 0.0000) right=(0.0310, 0.0000, 0.0000)
Render: IPD 62.0 mm
Camera: frame 120, 3rd, 17.8 ms, pos=(977.5, 1283.7, 316.7), head=(0.029, 0.980, 0.191, -0.055), lean=(-20.1, -4.5, -12.3) raw=24.0
Camera: frame 240, 3rd, 17.9 ms, pos=(977.6, 1284.2, 314.6), head=(-0.022, 0.944, 0.233, 0.230), lean=(-33.0, -8.1, -15.0) raw=37.1
Camera: frame 360, 3rd, 18.1 ms, pos=(977.6, 1284.2, 314.5), head=(-0.020, 0.955, 0.228, 0.191), lean=(-31.3, -6.9, -14.3) raw=35.1
Camera: frame 480, 3rd, 18.1 ms, pos=(977.6, 1284.2, 314.5), head=(-0.007, 0.956, 0.226, 0.187), lean=(-30.4, -6.4, -13.9) raw=34.1
Camera: frame 600, 3rd, 17.8 ms, pos=(977.6, 1284.2, 314.5), head=(-0.052, 0.953, 0.280, -0.098), lean=(-17.5, -8.6, -17.1) raw=25.9
Camera: frame 720, 3rd, 18.3 ms, pos=(977.6, 1284.2, 314.5), head=(-0.015, 0.988, 0.124, 0.094), lean=(-22.4, -8.5, -12.8) raw=27.1
Camera: frame 840, 3rd, 17.9 ms, pos=(980.9, 1285.2, 314.7), head=(0.015, 0.990, -0.084, -0.109), lean=(-13.6, -5.8, -0.3) raw=14.8
Camera: frame 960, 3rd, 17.8 ms, pos=(983.4, 1286.0, 314.8), head=(0.031, 0.982, -0.060, -0.178), lean=(-13.0, 2.4, -0.3) raw=13.3
Camera: recentered on key 0x2E (frame 994)
Camera: frame 1080, 3rd, 18.1 ms, pos=(983.8, 1286.2, 314.3), head=(0.040, 0.993, -0.088, -0.066), lean=(1.9, 0.3, 1.1) raw=2.2
Camera: frame 1200, 3rd, 18.0 ms, pos=(983.8, 1286.2, 314.3), head=(0.036, 0.996, -0.079, -0.033), lean=(3.1, 2.6, -0.0) raw=4.1
Camera: frame 1320, 3rd, 17.9 ms, pos=(983.8, 1286.2, 314.3), head=(0.037, 0.992, -0.114, -0.048), lean=(3.2, 17.5, -2.0) raw=17.9
Camera: frame 1440, 3rd, 18.4 ms, pos=(983.8, 1286.2, 314.3), head=(0.055, 0.991, -0.119, 0.005), lean=(3.8, -0.9, 2.4) raw=4.6
Camera: frame 1560, 3rd, 18.2 ms, pos=(983.8, 1286.2, 314.3), head=(0.048, 0.991, -0.112, -0.045), lean=(1.6, 5.6, 1.1) raw=5.9
Camera: frame 1680, 3rd, 18.2 ms, pos=(983.8, 1286.2, 314.3), head=(0.059, 0.990, -0.125, -0.035), lean=(33.5, 3.9, -2.4) raw=33.8
Camera: frame 1800, 3rd, 18.2 ms, pos=(983.8, 1286.2, 314.3), head=(0.098, 0.966, -0.092, 0.219), lean=(12.5, -0.1, 0.4) raw=12.5
Camera: switched to first person (frame 1879)
Camera: frame 1920, 1st, 17.9 ms, pos=(1015.7, 1174.6, 289.0), head=(0.047, 0.992, -0.104, -0.051), lean=(1.2, 2.6, 1.4) raw=3.2
Camera: frame 2040, 1st, 17.9 ms, pos=(1015.7, 1174.6, 288.9), head=(0.042, 0.992, -0.109, -0.054), lean=(31.5, 2.3, -2.3) raw=31.7
Camera: frame 2160, 1st, 17.8 ms, pos=(1015.7, 1174.7, 288.9), head=(0.062, 0.991, -0.114, -0.040), lean=(-4.5, 1.7, 2.6) raw=5.4
Camera: frame 2280, 1st, 17.9 ms, pos=(1015.7, 1174.6, 289.0), head=(0.055, 0.989, -0.131, -0.032), lean=(3.5, -1.9, 3.8) raw=5.5
