OBVR 1 - Query
OBSE version 22, Oblivion version 010201A0
OBVR 1 - Load
Config: D:\SteamLibrary\steamapps\common\Oblivion\Data\OBSE\Plugins\OBVR.ini
Config: HookEnabled=1 Source=openvr Fixed=(P 0.0, R 20.0, Y 0.0)
Config: Simulated=(Yaw 25.0, Pitch 12.0, Period 600) LogEveryFrames=120 ReloadEveryFrames=120
Config: RecenterKey=46 (0x2E)
Config: PositionalTracking=1 UnitsPerMetre=69.99 HeadMovementScale=3.00 (effective 209.97) MaxLeanUnits=120.0
Config: BlockVerticalLook=1 VerticalLookRange=(up 60.0, down 120.0) SmoothVerticalLook=1 (8.0)
Config: SmoothTurning=0 TurnSpeed=12.0
Config: Render.Enabled=1 GameFrame=1 Stereo=aer - OBVR will claim the VR scene
OpenVR: connected as a scene application through FnTable:IVRSystem_026 and FnTable:IVRCompositor_029
Camera: hook installed at 0066BE6E, trampoline at 03E00000 (37 bytes)
OBVR ready
Camera: first hook pass, CameraNode=1812BCA0, third person
Render: Oblivion's D3D9 device 0C6C1200 is DXVK
Render: Vulkan instance=0C506740 physical=09B091B0 device=34880078
Render: Vulkan queue=345D1578 index=0 family=0
Render: back buffer image=0000000034A33C78 2560x1440 format=44 samples=1 layout=1
Render: back buffer usage=00000017 transfer_src=1 sampled=1, submittable once transitioned
OpenVR: no valid HMD pose yet
Head: eye separation 62.0 mm, half of it 2.17 Oblivion units
Render: left eye raw=(l -1.1518, r 0.8248, t -1.1991, b 0.7927)
Render: left eye fov=(h 88.6 deg, v 88.6 deg) asymmetry=(h -0.3270, v -0.4064)
Render: right eye raw=(l -0.8417, r 1.1419, t -1.1908, b 0.8073)
Render: right eye fov=(h 88.9 deg, v 88.9 deg) asymmetry=(h 0.3003, v -0.3835)
Render: eye offsets left=(-0.0310, 0.0000, 0.0000) right=(0.0310, 0.0000, 0.0000)
Render: IPD 62.0 mm
Render: game frame bounds left u=0.034..0.834 right u=0.161..0.961
Render: two 3560x3560 eye textures ready, cross at u=0.583 and u=0.424
Render: the game frame is usable, submitting Oblivion's own picture
Camera: frame 120, 3rd, 18.5 ms, pos=(977.5, 1283.7, 316.7), head=(0.000, 0.000, 0.000, 1.000), lean=(0.0, 0.0, 0.0) raw=0.0
Camera: frame 240, 3rd, 18.4 ms, pos=(1009.1, 1285.6, 252.4), head=(0.136, 0.010, 0.030, 0.990), lean=(-1.6, 2.9, -3.6) raw=4.9
Camera: recentered on key 0x2E (frame 278)
Camera: frame 360, 3rd, 18.6 ms, pos=(1010.4, 1285.2, 248.2), head=(0.153, -0.012, 0.018, 0.988), lean=(3.9, -0.6, 1.1) raw=4.1
Camera: frame 480, 3rd, 18.5 ms, pos=(1010.4, 1285.2, 248.2), head=(0.161, -0.023, 0.035, 0.986), lean=(3.3, 0.8, 0.8) raw=3.5
Camera: frame 600, 3rd, 18.4 ms, pos=(1010.4, 1285.2, 248.2), head=(0.022, -0.119, 0.033, 0.992), lean=(11.1, 4.2, -10.2) raw=15.7
Camera: frame 720, 3rd, 18.6 ms, pos=(1010.4, 1285.2, 248.2), head=(-0.040, -0.076, -0.005, 0.996), lean=(11.0, 0.4, -10.7) raw=15.4
Camera: frame 840, 3rd, 18.7 ms, pos=(1010.4, 1285.2, 248.2), head=(-0.014, -0.100, 0.011, 0.995), lean=(11.8, -2.4, -7.9) raw=14.4
Camera: recentered on key 0x2E (frame 841)
Camera: recentered on key 0x2E (frame 911)
Camera: frame 960, 3rd, 18.3 ms, pos=(1010.4, 1285.2, 248.2), head=(-0.012, 0.029, -0.004, 1.000), lean=(-11.0, -3.0, -0.4) raw=11.4
Camera: frame 1080, 3rd, 18.5 ms, pos=(1010.4, 1285.2, 248.2), head=(-0.027, -0.009, -0.003, 1.000), lean=(-9.3, -2.1, -1.5) raw=9.7
Camera: recentered on key 0x2E (frame 1144)
Camera: recentered on key 0x2E (frame 1178)
Camera: frame 1200, 3rd, 18.6 ms, pos=(1010.4, 1285.2, 248.2), head=(0.049, -0.037, 0.001, 0.998), lean=(-0.0, 0.0, -1.5) raw=1.6
Camera: frame 1320, 3rd, 18.4 ms, pos=(1010.4, 1285.2, 248.2), head=(-0.024, -0.284, -0.000, 0.959), lean=(11.5, -3.8, -3.8) raw=12.7
Camera: recentered on key 0x2E (frame 1361)
Camera: frame 1440, 3rd, 18.6 ms, pos=(1010.4, 1285.2, 248.2), head=(-0.032, 0.236, 0.009, 0.971), lean=(-22.1, -13.7, -1.1) raw=26.1
Camera: recentered on key 0x2E (frame 1542)
Camera: recentered on key 0x2E (frame 1554)
Camera: frame 1560, 3rd, 18.5 ms, pos=(1010.4, 1285.2, 248.2), head=(-0.033, -0.257, 0.014, 0.966), lean=(-0.8, 0.2, -0.1) raw=0.8
Camera: recentered on key 0x2E (frame 1567)
Camera: frame 1680, 3rd, 18.6 ms, pos=(1010.4, 1285.2, 248.2), head=(-0.022, -0.149, 0.013, 0.989), lean=(-4.5, -0.9, 0.5) raw=4.7
Camera: frame 1800, 3rd, 18.6 ms, pos=(1010.4, 1285.2, 248.2), head=(0.176, 0.077, 0.272, 0.943), lean=(-51.1, -51.2, 26.2) raw=76.9
Camera: frame 1920, 3rd, 18.3 ms, pos=(1010.4, 1285.2, 248.2), head=(-0.339, 0.396, -0.060, 0.851), lean=(-108.2, -29.5, -42.6) raw=187.4
