OBVR 1 - Query
OBSE version 22, Oblivion version 010201A0
OBVR 1 - Load
Config: D:\SteamLibrary\steamapps\common\Oblivion\Data\OBSE\Plugins\OBVR.ini
Config: HookEnabled=1 Source=openvr Fixed=(P 0.0, R 20.0, Y 0.0)
Config: Simulated=(Yaw 25.0, Pitch 12.0, Period 600) LogEveryFrames=120 ReloadEveryFrames=120
Config: RecenterKey=46 (0x2E)
Config: PositionalTracking=1 UnitsPerMetre=69.99 HeadMovementScale=3.00 (effective 209.97) MaxLeanUnits=120.0
Config: BlockVerticalLook=1 VerticalLookRange=(up 60.0, down 120.0) SmoothVerticalLook=1 (8.0)
Config: SmoothTurning=0 TurnSpeed=12.0
Config: Render.Enabled=1 - OBVR will claim the VR scene
OpenVR: connected as a scene application through FnTable:IVRSystem_026 and FnTable:IVRCompositor_029
Camera: hook installed at 0066BE6E, trampoline at 03DF0000 (37 bytes)
OBVR ready
Camera: first hook pass, CameraNode=1812BCA0, third person
Render: Oblivion's D3D9 device 0BB34CC0 is DXVK
Render: left eye raw=(l -1.1518, r 0.8248, t -1.1991, b 0.7927)
Render: left eye fov=(h 88.6 deg, v 88.6 deg) asymmetry=(h -0.3270, v -0.4064)
Render: right eye raw=(l -0.8417, r 1.1419, t -1.1908, b 0.8073)
Render: right eye fov=(h 88.9 deg, v 88.9 deg) asymmetry=(h 0.3003, v -0.3835)
Render: eye offsets left=(-0.0310, 0.0000, 0.0000) right=(0.0310, 0.0000, 0.0000)
Render: IPD 62.0 mm
Render: two 3560x3560 eye textures ready, cross at u=0.583 and u=0.424
Camera: frame 120, 3rd, 18.5 ms, pos=(977.5, 1283.7, 316.7), head=(0.062, -0.173, 0.019, 0.983), lean=(5.9, 0.9, -5.9) raw=8.4
Camera: frame 240, 3rd, 18.4 ms, pos=(978.7, 1283.9, 317.4), head=(-0.143, -0.215, -0.017, 0.966), lean=(8.6, -1.6, -11.2) raw=14.2
Camera: recentered on key 0x2E (frame 314)
Camera: frame 360, 3rd, 18.7 ms, pos=(978.5, 1284.2, 316.1), head=(-0.118, -0.474, -0.035, 0.872), lean=(16.1, -3.1, -2.8) raw=16.7
Camera: frame 480, 3rd, 18.4 ms, pos=(978.4, 1284.2, 316.0), head=(-0.129, -0.269, -0.013, 0.954), lean=(5.7, -0.5, -2.0) raw=6.0
Camera: frame 600, 3rd, 18.5 ms, pos=(982.2, 1284.4, 319.7), head=(0.063, -0.127, 0.024, 0.990), lean=(0.9, 0.9, 7.0) raw=7.1
