OBVR 1 - Query
OBSE version 22, Oblivion version 010201A0
OBVR 1 - Load
Config: D:\SteamLibrary\steamapps\common\Oblivion\Data\OBSE\Plugins\OBVR.ini
Config: HookEnabled=1 Source=openvr Fixed=(P 0.0, R 20.0, Y 0.0)
Config: Simulated=(Yaw 25.0, Pitch 12.0, Period 600) LogEveryFrames=120 ReloadEveryFrames=120
Config: RecenterKey=46 (0x2E)
OpenVR: connected through FnTable:IVRSystem_026
Camera: hook installed at 0066BE6E, trampoline at 03B60000 (37 bytes)
OBVR ready
Camera: first hook pass, CameraNode=187E43AC, third person
Camera: frame 120, 3rd, pos=(977.5, 1283.7, 316.8), head=(-0.000, 0.999, 0.020, -0.034)
Camera: frame 240, 3rd, pos=(977.5, 1283.7, 316.8), head=(0.014, 0.966, 0.040, 0.255)
Camera: frame 360, 3rd, pos=(977.5, 1283.7, 316.8), head=(-0.022, 0.939, -0.338, -0.055)
Camera: frame 480, 3rd, pos=(977.5, 1283.7, 316.8), head=(0.019, 0.996, -0.052, -0.071)
Camera: frame 600, 3rd, pos=(977.5, 1283.7, 316.8), head=(-0.008, 0.999, -0.030, 0.032)
Camera: frame 720, 3rd, pos=(1012.9, 1270.8, 285.0), head=(0.012, 0.998, -0.034, -0.059)
Camera: switched to first person (frame 835)
Camera: frame 840, 1st, pos=(1015.6, 1174.6, 288.4), head=(0.013, 0.996, -0.064, -0.054)
Camera: switched to third person (frame 959)
Camera: frame 960, 3rd, pos=(1009.4, 1198.4, 280.9), head=(0.025, 0.995, -0.058, -0.071)
Camera: frame 1080, 3rd, pos=(968.0, 1351.8, 211.8), head=(0.019, 0.995, -0.099, -0.025)
Camera: frame 1200, 3rd, pos=(982.5, 1298.4, 202.6), head=(0.015, 0.993, -0.110, -0.036)
Camera: recentered on key 0x2E (frame 1317)
Camera: frame 1320, 3rd, pos=(981.0, 1310.5, 266.0), head=(0.026, 0.992, -0.089, -0.081)
Camera: recentered on key 0x2E (frame 1435)
Camera: frame 1440, 3rd, pos=(984.0, 1312.1, 306.2), head=(0.038, 0.995, -0.057, -0.079)
Camera: frame 1560, 3rd, pos=(1146.1, 1209.3, 323.7), head=(0.028, 0.996, -0.077, -0.045)
Camera: recentered on key 0x2E (frame 1575)
Camera: recentered on key 0x2E (frame 1610)
Camera: frame 1680, 3rd, pos=(1157.5, 1188.7, 322.9), head=(0.003, 0.950, -0.051, 0.307)
Camera: frame 1800, 3rd, pos=(1157.5, 1188.4, 323.0), head=(0.002, 0.970, 0.188, -0.154)
Camera: frame 1920, 3rd, pos=(1157.5, 1188.4, 323.0), head=(0.010, 0.998, 0.060, -0.022)
Camera: frame 2040, 3rd, pos=(1157.5, 1188.4, 323.0), head=(-0.003, 0.993, 0.108, 0.038)
Camera: frame 2160, 3rd, pos=(1157.5, 1188.4, 323.0), head=(0.051, 0.906, -0.135, 0.397)
Camera: frame 2280, 3rd, pos=(1157.5, 1188.4, 323.0), head=(0.032, 0.969, -0.086, -0.227)
Camera: frame 2400, 3rd, pos=(1157.5, 1188.4, 323.0), head=(0.040, 0.997, 0.038, -0.047)
Camera: frame 2520, 3rd, pos=(1157.5, 1188.4, 323.0), head=(0.023, 0.936, -0.349, -0.033)
Camera: frame 2640, 3rd, pos=(1157.5, 1188.4, 323.0), head=(-0.008, 0.924, -0.102, -0.367)
Camera: frame 2760, 3rd, pos=(1157.5, 1188.4, 323.0), head=(0.030, 0.919, -0.123, -0.374)
Camera: frame 2880, 3rd, pos=(1157.5, 1188.4, 323.0), head=(0.053, 0.941, -0.040, -0.331)
Camera: frame 3000, 3rd, pos=(1157.5, 1188.4, 323.0), head=(0.062, 0.992, -0.109, 0.013)
Camera: frame 3120, 3rd, pos=(1133.5, 1132.6, 319.9), head=(0.036, 0.975, -0.098, -0.195)
Camera: frame 3240, 3rd, pos=(1038.4, 1309.3, 313.8), head=(0.047, 0.990, -0.121, -0.056)
Camera: frame 3360, 3rd, pos=(1089.6, 1052.5, 312.8), head=(0.046, 0.990, -0.124, -0.047)
Camera: frame 3480, 3rd, pos=(1102.4, 1259.1, 247.6), head=(0.049, 0.991, -0.118, -0.048)
Camera: frame 3600, 3rd, pos=(1209.7, 1234.8, 322.7), head=(0.048, 0.991, -0.116, -0.054)
Camera: frame 3720, 3rd, pos=(1228.4, 1089.1, 323.9), head=(-0.014, 0.984, -0.086, -0.156)
Camera: frame 3840, 3rd, pos=(1211.0, 1095.6, 324.0), head=(0.053, 0.993, -0.095, -0.042)
Camera: frame 3960, 3rd, pos=(1072.2, 1116.8, 324.2), head=(0.045, 0.992, -0.103, 0.065)
Camera: frame 4080, 3rd, pos=(1116.6, 1239.1, 324.3), head=(0.027, 0.952, -0.108, -0.285)
Camera: frame 4200, 3rd, pos=(1091.6, 1111.4, 324.3), head=(-0.001, 0.971, -0.078, -0.224)
Camera: frame 4320, 3rd, pos=(1064.6, 1145.5, 324.3), head=(0.022, 0.960, -0.277, -0.021)
Camera: frame 4440, 3rd, pos=(1080.8, 1106.2, 324.3), head=(0.053, 0.987, -0.093, 0.121)
Camera: frame 4560, 3rd, pos=(1138.8, 1144.7, 324.3), head=(0.050, 0.993, -0.102, -0.035)
Camera: switched to first person (frame 4669)
Camera: frame 4680, 1st, pos=(951.9, 1223.5, 289.7), head=(0.041, 0.993, -0.108, -0.036)
Camera: frame 4800, 1st, pos=(951.9, 1223.5, 289.6), head=(0.002, 0.968, -0.109, -0.225)
Camera: frame 4920, 1st, pos=(951.5, 1226.6, 289.5), head=(0.039, 0.993, -0.108, -0.036)
Camera: frame 5040, 1st, pos=(949.8, 1224.1, 292.8), head=(0.053, 0.997, -0.044, -0.029)
Camera: frame 5160, 1st, pos=(952.0, 1224.1, 289.0), head=(0.043, 0.995, -0.082, -0.027)
Camera: frame 5280, 1st, pos=(952.0, 1223.9, 289.7), head=(0.046, 0.997, -0.064, -0.026)
Camera: frame 5400, 1st, pos=(950.7, 1223.4, 292.0), head=(0.041, 0.997, -0.052, -0.028)
Camera: frame 5520, 1st, pos=(949.7, 1221.1, 289.1), head=(0.037, 0.995, -0.092, -0.025)
Camera: frame 5640, 1st, pos=(951.1, 1222.2, 289.3), head=(0.047, 0.994, -0.079, -0.060)
Camera: frame 5760, 1st, pos=(950.3, 1221.5, 289.6), head=(0.072, 0.995, -0.062, 0.007)
Camera: frame 5880, 1st, pos=(950.3, 1221.5, 289.5), head=(0.061, 0.996, -0.066, 0.024)
Camera: frame 6000, 1st, pos=(950.4, 1221.4, 289.5), head=(0.046, 0.994, -0.092, -0.045)
Camera: frame 6120, 1st, pos=(950.3, 1221.5, 289.6), head=(0.042, 0.976, -0.089, 0.196)
Camera: frame 6240, 1st, pos=(948.5, 1220.9, 289.8), head=(0.032, 0.992, -0.123, 0.017)
Camera: frame 6360, 1st, pos=(1037.5, 1192.8, 290.3), head=(0.040, 0.991, -0.129, -0.019)
Camera: frame 6480, 1st, pos=(1014.8, 1170.8, 289.9), head=(0.039, 0.990, -0.131, -0.021)
Camera: frame 6600, 1st, pos=(1038.8, 1340.8, 289.4), head=(0.066, 0.981, -0.087, 0.162)
Camera: frame 6720, 1st, pos=(1052.9, 1435.0, 289.4), head=(0.043, 0.992, -0.098, -0.061)
Camera: frame 6840, 1st, pos=(1056.4, 1569.6, 289.4), head=(0.045, 0.992, -0.104, -0.059)
Camera: frame 6960, 1st, pos=(962.0, 1756.5, 289.8), head=(0.042, 0.990, -0.130, -0.030)
Camera: frame 7080, 1st, pos=(990.3, 1860.8, 290.2), head=(0.047, 0.990, -0.125, -0.037)
Camera: frame 7200, 1st, pos=(787.2, 1972.1, 290.2), head=(0.041, 0.957, -0.287, -0.004)
Camera: frame 7320, 1st, pos=(836.5, 1927.9, 290.5), head=(0.048, 0.991, -0.119, -0.038)
Camera: frame 7440, 1st, pos=(845.5, 1891.1, 290.5), head=(0.045, 0.988, -0.141, -0.049)
Camera: frame 7560, 1st, pos=(845.5, 1891.2, 290.5), head=(0.040, 0.987, -0.145, -0.055)
Camera: switched to third person (frame 7638)
Camera: frame 7680, 3rd, pos=(836.6, 1927.3, 315.4), head=(0.044, 0.989, -0.131, -0.046)
Camera: frame 7800, 3rd, pos=(904.1, 1727.5, 318.0), head=(0.048, 0.992, -0.113, -0.041)
Camera: frame 7920, 3rd, pos=(929.3, 1701.6, 276.5), head=(0.046, 0.991, -0.121, -0.038)
Camera: frame 8040, 3rd, pos=(918.7, 1819.1, 302.4), head=(0.051, 0.991, -0.118, -0.033)
Camera: frame 8160, 3rd, pos=(918.0, 1836.7, 342.7), head=(0.028, 0.982, -0.096, -0.158)
Camera: frame 8280, 3rd, pos=(957.0, 1609.9, 343.7), head=(0.048, 0.997, -0.024, -0.049)
Camera: frame 8400, 3rd, pos=(1003.2, 1447.6, 313.8), head=(0.046, 0.992, -0.109, -0.051)
Camera: frame 8520, 3rd, pos=(1112.3, 1357.2, 381.5), head=(0.049, 0.990, -0.132, -0.029)
Camera: frame 8640, 3rd, pos=(986.2, 980.6, 318.1), head=(0.049, 0.991, -0.121, -0.038)
Camera: switched to first person (frame 8750)
Camera: frame 8760, 1st, pos=(1015.6, 1455.2, 289.3), head=(0.047, 0.990, -0.126, -0.033)
Camera: switched to third person (frame 8785)
Camera: frame 8880, 3rd, pos=(994.4, 1435.6, 366.1), head=(0.049, 0.990, -0.125, -0.036)
Camera: frame 9000, 3rd, pos=(862.1, 1648.7, 317.9), head=(0.047, 0.991, -0.124, -0.033)
Camera: frame 9120, 3rd, pos=(678.4, 1843.7, 213.2), head=(0.046, 0.990, -0.130, -0.033)
Camera: frame 9240, 3rd, pos=(1048.8, 1422.9, 346.2), head=(0.049, 0.991, -0.116, -0.033)
Camera: frame 9360, 3rd, pos=(960.0, 1313.6, 331.8), head=(0.049, 0.991, -0.122, -0.036)
Camera: frame 9480, 3rd, pos=(955.2, 1311.7, 329.6), head=(0.049, 0.991, -0.122, -0.036)
Camera: frame 9600, 3rd, pos=(957.3, 1315.0, 330.3), head=(0.051, 0.991, -0.119, -0.038)
Camera: frame 9720, 3rd, pos=(957.3, 1315.0, 330.3), head=(0.050, 0.991, -0.121, -0.037)
Camera: frame 9840, 3rd, pos=(894.4, 1151.8, 334.3), head=(0.051, 0.991, -0.120, -0.038)
Camera: frame 9960, 3rd, pos=(836.3, 668.7, 383.8), head=(0.051, 0.991, -0.120, -0.036)
Camera: frame 10080, 3rd, pos=(889.0, 1217.1, 403.3), head=(0.044, 0.954, -0.294, -0.043)
Camera: frame 10200, 3rd, pos=(1220.4, 1661.0, 265.9), head=(0.053, 0.990, -0.130, -0.029)
Camera: frame 10320, 3rd, pos=(995.1, 1715.8, 325.3), head=(0.047, 0.993, -0.098, -0.050)
Camera: frame 10440, 3rd, pos=(621.0, 1905.6, 332.5), head=(0.048, 0.993, -0.104, -0.040)
Camera: frame 10560, 3rd, pos=(630.9, 1902.3, 330.2), head=(0.049, 0.992, -0.110, -0.039)
Camera: frame 10680, 3rd, pos=(631.0, 1902.3, 330.2), head=(0.051, 0.992, -0.111, -0.040)
Camera: frame 10800, 3rd, pos=(631.0, 1902.3, 401.8), head=(0.052, 0.992, -0.110, -0.039)
Camera: frame 10920, 3rd, pos=(702.5, 2044.1, 318.2), head=(0.051, 0.991, -0.118, -0.034)
Camera: frame 11040, 3rd, pos=(657.1, 1961.8, 346.4), head=(0.046, 0.988, -0.110, -0.098)
Camera: frame 11160, 3rd, pos=(758.7, 2004.9, 334.6), head=(0.063, 0.989, -0.134, 0.018)
Camera: frame 11280, 3rd, pos=(1004.0, 1553.6, 389.8), head=(0.054, 0.971, -0.100, 0.211)
Camera: frame 11400, 3rd, pos=(998.1, 1527.5, 279.8), head=(0.045, 0.992, -0.117, -0.035)
Camera: frame 11520, 3rd, pos=(1038.2, 1769.3, 303.3), head=(0.045, 0.992, -0.114, -0.034)
Camera: frame 11640, 3rd, pos=(1034.5, 1627.0, 312.7), head=(-0.021, 0.920, -0.097, -0.380)
Camera: frame 11760, 3rd, pos=(1018.5, 2059.3, 325.0), head=(0.044, 0.990, -0.121, -0.057)
Camera: frame 11880, 3rd, pos=(940.1, 1867.6, 274.5), head=(0.046, 0.991, -0.116, -0.041)
Camera: frame 12000, 3rd, pos=(951.7, 1773.8, 288.8), head=(0.057, 0.991, -0.110, -0.040)
