OBVR 1 - Query
OBSE version 22, Oblivion version 010201A0
OBVR 1 - Load
Config: D:\SteamLibrary\steamapps\common\Oblivion\Data\OBSE\Plugins\OBVR.ini
Config: HookEnabled=1 Source=openvr Fixed=(P 0.0, R 20.0, Y 0.0)
Config: Simulated=(Yaw 25.0, Pitch 12.0, Period 600) LogEveryFrames=120 ReloadEveryFrames=120
Config: RecenterKey=46 (0x2E)
Config: PositionalTracking=1 UnitsPerMetre=69.99 HeadMovementScale=3.00 (effective 209.97) MaxLeanUnits=120.0
Config: BlockVerticalLook=1 VerticalLookRange=(up 60.0, down 120.0) SmoothVerticalLook=1 (8.0)
Config: SmoothTurning=0 TurnSpeed=12.0
Config: Render.Enabled=1 - OBVR will claim the VR scene
OpenVR: connected as a scene application through FnTable:IVRSystem_026 and FnTable:IVRCompositor_029
Camera: hook installed at 0066BE6E, trampoline at 03DF0000 (37 bytes)
OBVR ready
Camera: first hook pass, CameraNode=1812BCA0, third person
Render: Oblivion's D3D9 device 07F86CE0 is native Direct3D 9
Render: left eye raw=(l -1.1518, r 0.8248, t -1.1991, b 0.7927)
Render: left eye fov=(h 88.6 deg, v 88.6 deg) asymmetry=(h -0.3270, v -0.4064)
Render: right eye raw=(l -0.8417, r 1.1419, t -1.1908, b 0.8073)
Render: right eye fov=(h 88.9 deg, v 88.9 deg) asymmetry=(h 0.3003, v -0.3835)
Render: eye offsets left=(-0.0310, 0.0000, 0.0000) right=(0.0310, 0.0000, 0.0000)
Render: IPD 62.0 mm
Render: two 3560x3560 eye textures ready, cross at u=0.583 and u=0.424
Camera: frame 120, 3rd, 18.1 ms, pos=(980.5, 1285.1, 314.7), head=(0.032, -0.237, 0.027, 0.971), lean=(2.2, 1.1, -1.3) raw=2.8
Camera: frame 240, 3rd, 18.2 ms, pos=(980.6, 1285.2, 314.5), head=(-0.066, -0.206, -0.016, 0.976), lean=(0.4, -2.6, -6.1) raw=6.7
Camera: recentered on key 0x2E (frame 290)
Camera: recentered on key 0x2E (frame 348)
Camera: frame 360, 3rd, 18.0 ms, pos=(986.1, 1288.5, 282.7), head=(-0.077, -0.023, 0.003, 0.997), lean=(-3.5, 0.2, -0.9) raw=3.6
Camera: recentered on key 0x2E (frame 365)
Camera: recentered on key 0x2E (frame 472)
Camera: frame 480, 3rd, 18.1 ms, pos=(986.6, 1288.8, 279.8), head=(-0.058, -0.171, 0.006, 0.984), lean=(-0.2, 0.2, -0.1) raw=0.2
Camera: frame 600, 3rd, 18.1 ms, pos=(986.6, 1288.8, 279.8), head=(0.102, -0.142, 0.013, 0.985), lean=(-1.2, 0.5, 7.0) raw=7.1
