OBVR 1 - Query
OBSE version 22, Oblivion version 010201A0
OBVR 1 - Load
Config: D:\SteamLibrary\steamapps\common\Oblivion\Data\OBSE\Plugins\OBVR.ini
Config: HookEnabled=1 Source=openvr Fixed=(P 0.0, R 20.0, Y 0.0)
Config: Simulated=(Yaw 25.0, Pitch 12.0, Period 600) LogEveryFrames=120 ReloadEveryFrames=120
Config: RecenterKey=46 (0x2E)
Config: PositionalTracking=1 UnitsPerMetre=69.99 HeadMovementScale=1.70 (effective 118.99) MaxLeanUnits=80.0
Config: BlockVerticalLook=1 VerticalLookRange=(up 60.0, down 120.0) SmoothVerticalLook=1 (8.0)
Config: SmoothTurning=0 TurnSpeed=12.0
Config: Render.Enabled=0
OpenVR: connected through FnTable:IVRSystem_026
Camera: hook installed at 0066BE6E, trampoline at 03B50000 (37 bytes)
OBVR ready
Camera: first hook pass, CameraNode=1812BCA0, third person
Camera: frame 120, 3rd, 17.8 ms, pos=(1002.7, 1227.4, 300.9), head=(0.025, 0.994, -0.097, -0.047), lean=(-2.8, 16.1, 0.2) raw=16.4
Camera: switched to first person (frame 141)
Camera: recentered on key 0x2E (frame 225)
Camera: frame 240, 1st, 17.9 ms, pos=(1015.5, 1174.4, 290.5), head=(0.045, 0.992, -0.101, -0.057), lean=(0.1, 0.3, -0.1) raw=0.4
Camera: recentered on key 0x2E (frame 269)
Camera: switched to third person (frame 325)
Camera: frame 360, 3rd, 17.9 ms, pos=(997.6, 1281.6, 343.2), head=(0.041, 0.989, -0.134, -0.054), lean=(0.2, -0.4, 0.4) raw=0.6
Camera: recentered on key 0x2E (frame 393)
Camera: recentered on key 0x2E (frame 422)
Camera: recentered on key 0x2E (frame 433)
Camera: recentered on key 0x2E (frame 444)
Camera: frame 480, 3rd, 17.9 ms, pos=(990.6, 1334.2, 367.2), head=(0.042, 0.989, -0.136, -0.051), lean=(0.0, -0.1, 0.1) raw=0.2
Camera: recentered on key 0x2E (frame 544)
Camera: frame 600, 3rd, 17.9 ms, pos=(1085.0, 1027.7, 365.6), head=(0.046, 0.987, -0.149, -0.037), lean=(0.1, -0.1, 0.2) raw=0.2
Camera: recentered on key 0x2E (frame 626)
Camera: frame 720, 3rd, 18.2 ms, pos=(1189.2, 1012.0, 279.8), head=(0.044, 0.987, -0.150, -0.039), lean=(0.1, -0.2, 0.1) raw=0.3
Camera: frame 840, 3rd, 18.4 ms, pos=(1179.9, 994.4, 275.6), head=(0.049, 0.986, -0.153, -0.043), lean=(-0.3, -0.2, 0.3) raw=0.4
Camera: frame 960, 3rd, 17.8 ms, pos=(1017.9, 1168.7, 174.2), head=(0.047, 0.986, -0.155, -0.040), lean=(-0.1, -0.3, 0.2) raw=0.3
Camera: frame 1080, 3rd, 18.4 ms, pos=(1101.4, 1098.8, 371.8), head=(0.048, 0.985, -0.160, -0.037), lean=(-0.2, -0.7, 0.7) raw=1.0
Camera: frame 1200, 3rd, 18.3 ms, pos=(1038.5, 1051.8, 368.8), head=(0.043, 0.986, -0.161, -0.025), lean=(0.8, -0.5, 0.5) raw=1.1
Camera: frame 1320, 3rd, 18.1 ms, pos=(998.9, 1266.0, 332.0), head=(0.048, 0.985, -0.165, -0.030), lean=(0.2, -0.7, 0.6) raw=0.9
Camera: frame 1440, 3rd, 18.1 ms, pos=(819.9, 1922.0, 268.8), head=(0.080, 0.966, -0.152, 0.192), lean=(5.8, -1.1, 0.1) raw=5.9
Camera: frame 1560, 3rd, 18.0 ms, pos=(811.6, 1942.6, 268.4), head=(0.046, 0.984, -0.167, -0.045), lean=(-2.5, 11.4, -5.0) raw=12.7
Camera: frame 1680, 3rd, 18.0 ms, pos=(811.6, 1942.6, 268.4), head=(0.028, 0.984, -0.173, -0.025), lean=(2.6, 3.8, 0.7) raw=4.7
Camera: frame 1800, 3rd, 18.0 ms, pos=(811.6, 1942.6, 268.4), head=(0.112, 0.959, -0.129, 0.225), lean=(7.4, 3.4, -0.5) raw=8.2
Camera: frame 1920, 3rd, 17.9 ms, pos=(811.6, 1942.6, 268.4), head=(0.022, 0.989, -0.149, 0.004), lean=(4.5, 4.5, -0.3) raw=6.4
Camera: frame 2040, 3rd, 18.2 ms, pos=(811.5, 1943.0, 266.4), head=(-0.014, 0.927, -0.102, -0.360), lean=(-9.8, 3.0, 0.3) raw=10.2
Camera: frame 2160, 3rd, 18.3 ms, pos=(811.4, 1943.0, 266.3), head=(-0.035, 0.988, -0.126, 0.076), lean=(18.4, 5.3, -3.4) raw=19.4
Camera: frame 2280, 3rd, 17.9 ms, pos=(811.4, 1943.0, 266.3), head=(0.039, 0.985, -0.160, -0.045), lean=(-0.2, 21.2, -7.5) raw=22.5
Camera: frame 2400, 3rd, 18.3 ms, pos=(802.8, 2024.5, 268.6), head=(0.042, 0.986, -0.163, -0.017), lean=(1.6, 2.2, 1.4) raw=3.1
